../Core/Src/main.c:100:6:multiplex	24	static
../Core/Src/main.c:120:6:serializer	24	static
../Core/Src/main.c:128:6:displayWrite	16	static
../Core/Src/main.c:140:10:Read_LDR	8	static
../Core/Src/main.c:146:6:BMP280_Read_Calibration	32	static
../Core/Src/main.c:155:9:BMP280_Read_Temp	40	static
../Core/Src/main.c:170:6:BMP280_Init	24	static
../Core/Src/main.c:182:6:checkButton	16	static
../Core/Src/main.c:215:6:W25Q_Delay	16	static
../Core/Src/main.c:219:6:csLOW	8	static
../Core/Src/main.c:224:6:csHIGH	8	static
../Core/Src/main.c:229:6:SPI_Write	16	static
../Core/Src/main.c:234:6:SPI_Read	16	static
../Core/Src/main.c:239:6:W25Q_Reset	16	static
../Core/Src/main.c:251:10:W25Q_ReadID	16	static
../Core/Src/main.c:262:6:W25Q_WriteEnable	16	static
../Core/Src/main.c:270:6:W25Q_isBusy	16	static
../Core/Src/main.c:282:6:W25Q_EraseSector	24	static
../Core/Src/main.c:296:6:W25Q_WriteData	32	static
../Core/Src/main.c:310:6:W25Q_ReadData	32	static
../Core/Src/main.c:324:6:W25Q_Init	16	static
../Core/Src/main.c:341:6:W25Q64_Test	16	static
../Core/Src/main.c:365:5:main	8	static
../Core/Src/main.c:396:6:HAL_TIM_PeriodElapsedCallback	16	static
../Core/Src/main.c:418:6:SystemClock_Config	72	static
../Core/Src/main.c:448:6:MX_ADC1_Init	24	static
../Core/Src/main.c:471:6:MX_I2C1_Init	8	static
../Core/Src/main.c:487:13:MX_SPI1_Init	8	static
../Core/Src/main.c:509:13:MX_TIM2_Init	32	static
../Core/Src/main.c:540:13:MX_GPIO_Init	40	static
../Core/Src/main.c:579:6:Error_Handler	4	static,ignoring_inline_asm
